Archive member included to satisfy reference by file (symbol)

../matrix_multiplication_bsp/\libhal_bsp.a(alt_load.o)
                              ../matrix_multiplication_bsp//obj/HAL/src/crt0.o (alt_load)
../matrix_multiplication_bsp/\libhal_bsp.a(alt_main.o)
                              ../matrix_multiplication_bsp//obj/HAL/src/crt0.o (alt_main)
../matrix_multiplication_bsp/\libhal_bsp.a(alt_putstr.o)
                              obj/default/mat_mul.o (alt_putstr)
../matrix_multiplication_bsp/\libhal_bsp.a(alt_sys_init.o)
                              ../matrix_multiplication_bsp/\libhal_bsp.a(alt_main.o) (alt_irq_init)
../matrix_multiplication_bsp/\libhal_bsp.a(altera_avalon_uart_write.o)
                              ../matrix_multiplication_bsp/\libhal_bsp.a(alt_putstr.o) (altera_avalon_uart_write)
../matrix_multiplication_bsp/\libhal_bsp.a(alt_dcache_flush_all.o)
                              ../matrix_multiplication_bsp/\libhal_bsp.a(alt_load.o) (alt_dcache_flush_all)
../matrix_multiplication_bsp/\libhal_bsp.a(alt_errno.o)
                              ../matrix_multiplication_bsp/\libhal_bsp.a(altera_avalon_uart_write.o) (alt_errno)
../matrix_multiplication_bsp/\libhal_bsp.a(alt_icache_flush_all.o)
                              ../matrix_multiplication_bsp/\libhal_bsp.a(alt_load.o) (alt_icache_flush_all)
../matrix_multiplication_bsp/\libhal_bsp.a(altera_nios2_gen2_irq.o)
                              ../matrix_multiplication_bsp/\libhal_bsp.a(alt_sys_init.o) (altera_nios2_gen2_irq_init)
c:/intelfpga_lite/18.1/nios2eds/bin/gnu/h-x86_64-mingw32/bin/../lib/gcc/nios2-elf/5.3.0/../../../../../H-x86_64-mingw32/nios2-elf/lib/mno-hw-mul\libsmallc.a(lib_a-int_errno.o)
                              ../matrix_multiplication_bsp/\libhal_bsp.a(altera_avalon_uart_write.o) (errno)
c:/intelfpga_lite/18.1/nios2eds/bin/gnu/h-x86_64-mingw32/bin/../lib/gcc/nios2-elf/5.3.0/../../../../../H-x86_64-mingw32/nios2-elf/lib/mno-hw-mul\libsmallc.a(lib_a-strlen.o)
                              ../matrix_multiplication_bsp/\libhal_bsp.a(alt_putstr.o) (strlen)

Allocating common symbols
Common symbol       size              file

errno               0x4               c:/intelfpga_lite/18.1/nios2eds/bin/gnu/h-x86_64-mingw32/bin/../lib/gcc/nios2-elf/5.3.0/../../../../../H-x86_64-mingw32/nios2-elf/lib/mno-hw-mul\libsmallc.a(lib_a-int_errno.o)

Memory Configuration

Name             Origin             Length             Attributes
reset            0x0000000000010000 0x0000000000000020
onchip_memory2_0 0x0000000000010020 0x0000000000007fe0
*default*        0x0000000000000000 0xffffffffffffffff

Linker script and memory map

LOAD ../matrix_multiplication_bsp//obj/HAL/src/crt0.o
LOAD obj/default/mat_mul.o
LOAD c:/intelfpga_lite/18.1/nios2eds/bin/gnu/h-x86_64-mingw32/bin/../lib/gcc/nios2-elf/5.3.0/../../../../../H-x86_64-mingw32/nios2-elf/lib/mno-hw-mul\libstdc++.a
LOAD c:/intelfpga_lite/18.1/nios2eds/bin/gnu/h-x86_64-mingw32/bin/../lib/gcc/nios2-elf/5.3.0/../../../../../H-x86_64-mingw32/nios2-elf/lib/mno-hw-mul\libm.a
LOAD c:/intelfpga_lite/18.1/nios2eds/bin/gnu/h-x86_64-mingw32/bin/../lib/gcc/nios2-elf/5.3.0/mno-hw-mul\libgcc.a
START GROUP
LOAD c:/intelfpga_lite/18.1/nios2eds/bin/gnu/h-x86_64-mingw32/bin/../lib/gcc/nios2-elf/5.3.0/../../../../../H-x86_64-mingw32/nios2-elf/lib/mno-hw-mul\libsmallc.a
LOAD c:/intelfpga_lite/18.1/nios2eds/bin/gnu/h-x86_64-mingw32/bin/../lib/gcc/nios2-elf/5.3.0/mno-hw-mul\libgcc.a
LOAD ../matrix_multiplication_bsp/\libhal_bsp.a
LOAD c:/intelfpga_lite/18.1/nios2eds/bin/gnu/h-x86_64-mingw32/bin/../lib/gcc/nios2-elf/5.3.0/../../../../../H-x86_64-mingw32/nios2-elf/lib/mno-hw-mul\libm.a
END GROUP
LOAD c:/intelfpga_lite/18.1/nios2eds/bin/gnu/h-x86_64-mingw32/bin/../lib/gcc/nios2-elf/5.3.0/mno-hw-mul\libgcc.a
                0x0000000000010000                __alt_mem_onchip_memory2_0 = 0x10000

.entry          0x0000000000010000       0x20
 *(.entry)
 .entry         0x0000000000010000       0x20 ../matrix_multiplication_bsp//obj/HAL/src/crt0.o
                0x0000000000010000                __reset
                0x000000000001000c                _exit

.exceptions     0x0000000000010020        0x0
                0x0000000000010020                PROVIDE (__ram_exceptions_start, ABSOLUTE (.))
                0x0000000000010020                . = ALIGN (0x20)
 *(.irq)
 *(.exceptions.entry.label)
 *(.exceptions.entry.user)
 *(.exceptions.entry.ecc_fatal)
 *(.exceptions.entry)
 *(.exceptions.irqtest.user)
 *(.exceptions.irqtest)
 *(.exceptions.irqhandler.user)
 *(.exceptions.irqhandler)
 *(.exceptions.irqreturn.user)
 *(.exceptions.irqreturn)
 *(.exceptions.notirq.label)
 *(.exceptions.notirq.user)
 *(.exceptions.notirq)
 *(.exceptions.soft.user)
 *(.exceptions.soft)
 *(.exceptions.unknown.user)
 *(.exceptions.unknown)
 *(.exceptions.exit.label)
 *(.exceptions.exit.user)
 *(.exceptions.exit)
 *(.exceptions)
                0x0000000000010020                PROVIDE (__ram_exceptions_end, ABSOLUTE (.))
                0x0000000000010020                PROVIDE (__flash_exceptions_start, LOADADDR (.exceptions))

.text           0x0000000000010020      0x26c
                [!provide]                        PROVIDE (stext, ABSOLUTE (.))
 *(.interp)
 *(.hash)
 *(.dynsym)
 *(.dynstr)
 *(.gnu.version)
 *(.gnu.version_d)
 *(.gnu.version_r)
 *(.rel.init)
 *(.rela.init)
 *(.rel.text .rel.text.* .rel.gnu.linkonce.t.*)
 *(.rela.text .rela.text.* .rela.gnu.linkonce.t.*)
 *(.rel.fini)
 *(.rela.fini)
 *(.rel.rodata .rel.rodata.* .rel.gnu.linkonce.r.*)
 *(.rela.rodata .rela.rodata.* .rela.gnu.linkonce.r.*)
 *(.rel.data .rel.data.* .rel.gnu.linkonce.d.*)
 *(.rela.data .rela.data.* .rela.gnu.linkonce.d.*)
 *(.rel.tdata .rel.tdata.* .rel.gnu.linkonce.td.*)
 *(.rela.tdata .rela.tdata.* .rela.gnu.linkonce.td.*)
 *(.rel.tbss .rel.tbss.* .rel.gnu.linkonce.tb.*)
 *(.rela.tbss .rela.tbss.* .rela.gnu.linkonce.tb.*)
 *(.rel.ctors)
 *(.rela.ctors)
 *(.rel.dtors)
 *(.rela.dtors)
 *(.rel.got)
 *(.rela.got)
 *(.rel.sdata .rel.sdata.* .rel.gnu.linkonce.s.*)
 *(.rela.sdata .rela.sdata.* .rela.gnu.linkonce.s.*)
 *(.rel.sbss .rel.sbss.* .rel.gnu.linkonce.sb.*)
 *(.rela.sbss .rela.sbss.* .rela.gnu.linkonce.sb.*)
 *(.rel.sdata2 .rel.sdata2.* .rel.gnu.linkonce.s2.*)
 *(.rela.sdata2 .rela.sdata2.* .rela.gnu.linkonce.s2.*)
 *(.rel.sbss2 .rel.sbss2.* .rel.gnu.linkonce.sb2.*)
 *(.rela.sbss2 .rela.sbss2.* .rela.gnu.linkonce.sb2.*)
 *(.rel.bss .rel.bss.* .rel.gnu.linkonce.b.*)
 *(.rela.bss .rela.bss.* .rela.gnu.linkonce.b.*)
 *(.rel.plt)
 *(.rela.plt)
 *(.rel.dyn)
 *(.init)
 *(.plt)
 *(.text .stub .text.* .gnu.linkonce.t.*)
 .text          0x0000000000010020       0x3c ../matrix_multiplication_bsp//obj/HAL/src/crt0.o
                0x0000000000010020                _start
 .text          0x000000000001005c        0x0 obj/default/mat_mul.o
 .text.startup  0x000000000001005c       0x18 obj/default/mat_mul.o
                0x000000000001005c                main
 .text          0x0000000000010074       0xe0 ../matrix_multiplication_bsp/\libhal_bsp.a(alt_load.o)
                0x0000000000010074                alt_load
 .text          0x0000000000010154       0x2c ../matrix_multiplication_bsp/\libhal_bsp.a(alt_main.o)
                0x0000000000010154                alt_main
 .text          0x0000000000010180       0x38 ../matrix_multiplication_bsp/\libhal_bsp.a(alt_putstr.o)
                0x0000000000010180                alt_putstr
 .text          0x00000000000101b8       0x24 ../matrix_multiplication_bsp/\libhal_bsp.a(alt_sys_init.o)
                0x00000000000101b8                alt_irq_init
                0x00000000000101d8                alt_sys_init
 .text          0x00000000000101dc       0x84 ../matrix_multiplication_bsp/\libhal_bsp.a(altera_avalon_uart_write.o)
                0x00000000000101dc                altera_avalon_uart_write
 .text          0x0000000000010260        0x4 ../matrix_multiplication_bsp/\libhal_bsp.a(alt_dcache_flush_all.o)
                0x0000000000010260                alt_dcache_flush_all
 .text          0x0000000000010264        0x0 ../matrix_multiplication_bsp/\libhal_bsp.a(alt_errno.o)
 .text          0x0000000000010264        0x4 ../matrix_multiplication_bsp/\libhal_bsp.a(alt_icache_flush_all.o)
                0x0000000000010264                alt_icache_flush_all
 .text          0x0000000000010268        0x8 ../matrix_multiplication_bsp/\libhal_bsp.a(altera_nios2_gen2_irq.o)
                0x0000000000010268                altera_nios2_gen2_irq_init
 .text          0x0000000000010270        0x0 c:/intelfpga_lite/18.1/nios2eds/bin/gnu/h-x86_64-mingw32/bin/../lib/gcc/nios2-elf/5.3.0/../../../../../H-x86_64-mingw32/nios2-elf/lib/mno-hw-mul\libsmallc.a(lib_a-int_errno.o)
 .text          0x0000000000010270        0x0 c:/intelfpga_lite/18.1/nios2eds/bin/gnu/h-x86_64-mingw32/bin/../lib/gcc/nios2-elf/5.3.0/../../../../../H-x86_64-mingw32/nios2-elf/lib/mno-hw-mul\libsmallc.a(lib_a-strlen.o)
 .text.strlen   0x0000000000010270       0x1c c:/intelfpga_lite/18.1/nios2eds/bin/gnu/h-x86_64-mingw32/bin/../lib/gcc/nios2-elf/5.3.0/../../../../../H-x86_64-mingw32/nios2-elf/lib/mno-hw-mul\libsmallc.a(lib_a-strlen.o)
                0x0000000000010270                strlen
 *(.gnu.warning.*)
 *(.fini)
                [!provide]                        PROVIDE (__etext, ABSOLUTE (.))
                [!provide]                        PROVIDE (_etext, ABSOLUTE (.))
                [!provide]                        PROVIDE (etext, ABSOLUTE (.))
 *(.eh_frame_hdr)
                0x000000000001028c                . = ALIGN (0x4)
                [!provide]                        PROVIDE (__preinit_array_start, ABSOLUTE (.))
 *(.preinit_array)
                [!provide]                        PROVIDE (__preinit_array_end, ABSOLUTE (.))
                [!provide]                        PROVIDE (__init_array_start, ABSOLUTE (.))
 *(.init_array)
                [!provide]                        PROVIDE (__init_array_end, ABSOLUTE (.))
                [!provide]                        PROVIDE (__fini_array_start, ABSOLUTE (.))
 *(.fini_array)
                [!provide]                        PROVIDE (__fini_array_end, ABSOLUTE (.))
 *(.eh_frame)
 *(.gcc_except_table .gcc_except_table.*)
 *(.dynamic)
                [!provide]                        PROVIDE (__CTOR_LIST__, ABSOLUTE (.))
 *(.ctors)
 *(SORT(.ctors.*))
                [!provide]                        PROVIDE (__CTOR_END__, ABSOLUTE (.))
                [!provide]                        PROVIDE (__DTOR_LIST__, ABSOLUTE (.))
 *(.dtors)
 *(SORT(.dtors.*))
                [!provide]                        PROVIDE (__DTOR_END__, ABSOLUTE (.))
 *(.jcr)
                0x000000000001028c                . = ALIGN (0x4)

.rodata         0x000000000001028c       0x18
                0x000000000001028c                PROVIDE (__ram_rodata_start, ABSOLUTE (.))
                0x000000000001028c                . = ALIGN (0x4)
 *(.rodata .rodata.* .gnu.linkonce.r.*)
 .rodata.str1.4
                0x000000000001028c       0x18 obj/default/mat_mul.o
                                         0x15 (size before relaxing)
 *(.rodata1)
                0x00000000000102a4                . = ALIGN (0x4)
                0x00000000000102a4                PROVIDE (__ram_rodata_end, ABSOLUTE (.))
                0x000000000001028c                PROVIDE (__flash_rodata_start, LOADADDR (.rodata))

.rwdata         0x00000000000102a4        0x8 load address 0x00000000000102ac
                0x00000000000102a4                PROVIDE (__ram_rwdata_start, ABSOLUTE (.))
                0x00000000000102a4                . = ALIGN (0x4)
 *(.got.plt)
 *(.got)
 *(.data1)
 *(.data .data.* .gnu.linkonce.d.*)
 .data          0x00000000000102a4        0x0 ../matrix_multiplication_bsp//obj/HAL/src/crt0.o
 .data          0x00000000000102a4        0x0 obj/default/mat_mul.o
 .data          0x00000000000102a4        0x0 ../matrix_multiplication_bsp/\libhal_bsp.a(alt_load.o)
 .data          0x00000000000102a4        0x0 ../matrix_multiplication_bsp/\libhal_bsp.a(alt_main.o)
 .data          0x00000000000102a4        0x0 ../matrix_multiplication_bsp/\libhal_bsp.a(alt_putstr.o)
 .data          0x00000000000102a4        0x0 ../matrix_multiplication_bsp/\libhal_bsp.a(alt_sys_init.o)
 .data          0x00000000000102a4        0x0 ../matrix_multiplication_bsp/\libhal_bsp.a(altera_avalon_uart_write.o)
 .data          0x00000000000102a4        0x0 ../matrix_multiplication_bsp/\libhal_bsp.a(alt_dcache_flush_all.o)
 .data          0x00000000000102a4        0x0 ../matrix_multiplication_bsp/\libhal_bsp.a(alt_errno.o)
 .data          0x00000000000102a4        0x0 ../matrix_multiplication_bsp/\libhal_bsp.a(alt_icache_flush_all.o)
 .data          0x00000000000102a4        0x0 ../matrix_multiplication_bsp/\libhal_bsp.a(altera_nios2_gen2_irq.o)
 .data          0x00000000000102a4        0x0 c:/intelfpga_lite/18.1/nios2eds/bin/gnu/h-x86_64-mingw32/bin/../lib/gcc/nios2-elf/5.3.0/../../../../../H-x86_64-mingw32/nios2-elf/lib/mno-hw-mul\libsmallc.a(lib_a-int_errno.o)
 .data          0x00000000000102a4        0x0 c:/intelfpga_lite/18.1/nios2eds/bin/gnu/h-x86_64-mingw32/bin/../lib/gcc/nios2-elf/5.3.0/../../../../../H-x86_64-mingw32/nios2-elf/lib/mno-hw-mul\libsmallc.a(lib_a-strlen.o)
                0x00000000000182a4                _gp = ABSOLUTE ((. + 0x8000))
                [!provide]                        PROVIDE (gp, _gp)
 *(.rwdata .rwdata.*)
 *(.sdata .sdata.* .gnu.linkonce.s.*)
 .sdata         0x00000000000102a4        0x4 ../matrix_multiplication_bsp/\libhal_bsp.a(alt_sys_init.o)
                0x00000000000102a4                uart_0
 .sdata         0x00000000000102a8        0x4 ../matrix_multiplication_bsp/\libhal_bsp.a(alt_errno.o)
                0x00000000000102a8                alt_errno
 *(.sdata2 .sdata2.* .gnu.linkonce.s2.*)
                0x00000000000102ac                . = ALIGN (0x4)
                0x00000000000102ac                _edata = ABSOLUTE (.)
                [!provide]                        PROVIDE (edata, ABSOLUTE (.))
                0x00000000000102ac                PROVIDE (__ram_rwdata_end, ABSOLUTE (.))
                0x00000000000102ac                PROVIDE (__flash_rwdata_start, LOADADDR (.rwdata))

.bss            0x00000000000102b4       0x10
                0x00000000000102b4                __bss_start = ABSOLUTE (.)
                [!provide]                        PROVIDE (__sbss_start, ABSOLUTE (.))
                [!provide]                        PROVIDE (___sbss_start, ABSOLUTE (.))
 *(.dynsbss)
 *(.sbss .sbss.* .gnu.linkonce.sb.*)
 .sbss          0x00000000000102b4        0xc ../matrix_multiplication_bsp/\libhal_bsp.a(alt_main.o)
                0x00000000000102b4                alt_envp
                0x00000000000102b8                alt_argv
                0x00000000000102bc                alt_argc
 .sbss          0x00000000000102c0        0x4 c:/intelfpga_lite/18.1/nios2eds/bin/gnu/h-x86_64-mingw32/bin/../lib/gcc/nios2-elf/5.3.0/../../../../../H-x86_64-mingw32/nios2-elf/lib/mno-hw-mul\libsmallc.a(lib_a-int_errno.o)
                0x00000000000102c0                errno
 *(.sbss2 .sbss2.* .gnu.linkonce.sb2.*)
 *(.scommon)
                [!provide]                        PROVIDE (__sbss_end, ABSOLUTE (.))
                [!provide]                        PROVIDE (___sbss_end, ABSOLUTE (.))
 *(.dynbss)
 *(.bss .bss.* .gnu.linkonce.b.*)
 .bss           0x00000000000102c4        0x0 ../matrix_multiplication_bsp//obj/HAL/src/crt0.o
 .bss           0x00000000000102c4        0x0 obj/default/mat_mul.o
 .bss           0x00000000000102c4        0x0 ../matrix_multiplication_bsp/\libhal_bsp.a(alt_load.o)
 .bss           0x00000000000102c4        0x0 ../matrix_multiplication_bsp/\libhal_bsp.a(alt_main.o)
 .bss           0x00000000000102c4        0x0 ../matrix_multiplication_bsp/\libhal_bsp.a(alt_putstr.o)
 .bss           0x00000000000102c4        0x0 ../matrix_multiplication_bsp/\libhal_bsp.a(alt_sys_init.o)
 .bss           0x00000000000102c4        0x0 ../matrix_multiplication_bsp/\libhal_bsp.a(altera_avalon_uart_write.o)
 .bss           0x00000000000102c4        0x0 ../matrix_multiplication_bsp/\libhal_bsp.a(alt_dcache_flush_all.o)
 .bss           0x00000000000102c4        0x0 ../matrix_multiplication_bsp/\libhal_bsp.a(alt_errno.o)
 .bss           0x00000000000102c4        0x0 ../matrix_multiplication_bsp/\libhal_bsp.a(alt_icache_flush_all.o)
 .bss           0x00000000000102c4        0x0 ../matrix_multiplication_bsp/\libhal_bsp.a(altera_nios2_gen2_irq.o)
 .bss           0x00000000000102c4        0x0 c:/intelfpga_lite/18.1/nios2eds/bin/gnu/h-x86_64-mingw32/bin/../lib/gcc/nios2-elf/5.3.0/../../../../../H-x86_64-mingw32/nios2-elf/lib/mno-hw-mul\libsmallc.a(lib_a-int_errno.o)
 .bss           0x00000000000102c4        0x0 c:/intelfpga_lite/18.1/nios2eds/bin/gnu/h-x86_64-mingw32/bin/../lib/gcc/nios2-elf/5.3.0/../../../../../H-x86_64-mingw32/nios2-elf/lib/mno-hw-mul\libsmallc.a(lib_a-strlen.o)
 *(COMMON)
                0x00000000000102c4                . = ALIGN (0x4)
                0x00000000000102c4                __bss_end = ABSOLUTE (.)

.onchip_memory2_0
                0x00000000000102c4        0x0
                [!provide]                        PROVIDE (_alt_partition_onchip_memory2_0_start, ABSOLUTE (.))
 *(.onchip_memory2_0 .onchip_memory2_0. onchip_memory2_0.*)
                0x00000000000102c4                . = ALIGN (0x4)
                [!provide]                        PROVIDE (_alt_partition_onchip_memory2_0_end, ABSOLUTE (.))
                0x00000000000102c4                _end = ABSOLUTE (.)
                0x00000000000102c4                end = ABSOLUTE (.)
                0x00000000000102c4                __alt_stack_base = ABSOLUTE (.)
                [!provide]                        PROVIDE (_alt_partition_onchip_memory2_0_load_addr, LOADADDR (.onchip_memory2_0))

.stab
 *(.stab)

.stabstr
 *(.stabstr)

.stab.excl
 *(.stab.excl)

.stab.exclstr
 *(.stab.exclstr)

.stab.index
 *(.stab.index)

.stab.indexstr
 *(.stab.indexstr)

.comment        0x0000000000000000       0x23
 *(.comment)
 .comment       0x0000000000000000       0x23 obj/default/mat_mul.o
                                         0x24 (size before relaxing)
 .comment       0x0000000000000023       0x24 ../matrix_multiplication_bsp/\libhal_bsp.a(alt_load.o)
 .comment       0x0000000000000023       0x24 ../matrix_multiplication_bsp/\libhal_bsp.a(alt_main.o)
 .comment       0x0000000000000023       0x24 ../matrix_multiplication_bsp/\libhal_bsp.a(alt_putstr.o)
 .comment       0x0000000000000023       0x24 ../matrix_multiplication_bsp/\libhal_bsp.a(alt_sys_init.o)
 .comment       0x0000000000000023       0x24 ../matrix_multiplication_bsp/\libhal_bsp.a(altera_avalon_uart_write.o)
 .comment       0x0000000000000023       0x24 ../matrix_multiplication_bsp/\libhal_bsp.a(alt_dcache_flush_all.o)
 .comment       0x0000000000000023       0x24 ../matrix_multiplication_bsp/\libhal_bsp.a(alt_errno.o)
 .comment       0x0000000000000023       0x24 ../matrix_multiplication_bsp/\libhal_bsp.a(alt_icache_flush_all.o)
 .comment       0x0000000000000023       0x24 ../matrix_multiplication_bsp/\libhal_bsp.a(altera_nios2_gen2_irq.o)
 .comment       0x0000000000000023       0x24 c:/intelfpga_lite/18.1/nios2eds/bin/gnu/h-x86_64-mingw32/bin/../lib/gcc/nios2-elf/5.3.0/../../../../../H-x86_64-mingw32/nios2-elf/lib/mno-hw-mul\libsmallc.a(lib_a-int_errno.o)
 .comment       0x0000000000000023       0x24 c:/intelfpga_lite/18.1/nios2eds/bin/gnu/h-x86_64-mingw32/bin/../lib/gcc/nios2-elf/5.3.0/../../../../../H-x86_64-mingw32/nios2-elf/lib/mno-hw-mul\libsmallc.a(lib_a-strlen.o)

.debug
 *(.debug)

.line
 *(.line)

.debug_srcinfo
 *(.debug_srcinfo)

.debug_sfnames
 *(.debug_sfnames)

.debug_aranges  0x0000000000000000      0x198
 *(.debug_aranges)
 .debug_aranges
                0x0000000000000000       0x28 ../matrix_multiplication_bsp//obj/HAL/src/crt0.o
 .debug_aranges
                0x0000000000000028       0x20 obj/default/mat_mul.o
 .debug_aranges
                0x0000000000000048       0x20 ../matrix_multiplication_bsp/\libhal_bsp.a(alt_load.o)
 .debug_aranges
                0x0000000000000068       0x20 ../matrix_multiplication_bsp/\libhal_bsp.a(alt_main.o)
 .debug_aranges
                0x0000000000000088       0x20 ../matrix_multiplication_bsp/\libhal_bsp.a(alt_putstr.o)
 .debug_aranges
                0x00000000000000a8       0x20 ../matrix_multiplication_bsp/\libhal_bsp.a(alt_sys_init.o)
 .debug_aranges
                0x00000000000000c8       0x20 ../matrix_multiplication_bsp/\libhal_bsp.a(altera_avalon_uart_write.o)
 .debug_aranges
                0x00000000000000e8       0x20 ../matrix_multiplication_bsp/\libhal_bsp.a(alt_dcache_flush_all.o)
 .debug_aranges
                0x0000000000000108       0x18 ../matrix_multiplication_bsp/\libhal_bsp.a(alt_errno.o)
 .debug_aranges
                0x0000000000000120       0x20 ../matrix_multiplication_bsp/\libhal_bsp.a(alt_icache_flush_all.o)
 .debug_aranges
                0x0000000000000140       0x20 ../matrix_multiplication_bsp/\libhal_bsp.a(altera_nios2_gen2_irq.o)
 .debug_aranges
                0x0000000000000160       0x18 c:/intelfpga_lite/18.1/nios2eds/bin/gnu/h-x86_64-mingw32/bin/../lib/gcc/nios2-elf/5.3.0/../../../../../H-x86_64-mingw32/nios2-elf/lib/mno-hw-mul\libsmallc.a(lib_a-int_errno.o)
 .debug_aranges
                0x0000000000000178       0x20 c:/intelfpga_lite/18.1/nios2eds/bin/gnu/h-x86_64-mingw32/bin/../lib/gcc/nios2-elf/5.3.0/../../../../../H-x86_64-mingw32/nios2-elf/lib/mno-hw-mul\libsmallc.a(lib_a-strlen.o)

.debug_pubnames
 *(.debug_pubnames)

.debug_info     0x0000000000000000      0xc39
 *(.debug_info .gnu.linkonce.wi.*)
 .debug_info    0x0000000000000000       0x94 ../matrix_multiplication_bsp//obj/HAL/src/crt0.o
 .debug_info    0x0000000000000094       0x65 obj/default/mat_mul.o
 .debug_info    0x00000000000000f9      0x1c9 ../matrix_multiplication_bsp/\libhal_bsp.a(alt_load.o)
 .debug_info    0x00000000000002c2      0x169 ../matrix_multiplication_bsp/\libhal_bsp.a(alt_main.o)
 .debug_info    0x000000000000042b      0x13a ../matrix_multiplication_bsp/\libhal_bsp.a(alt_putstr.o)
 .debug_info    0x0000000000000565      0x15f ../matrix_multiplication_bsp/\libhal_bsp.a(alt_sys_init.o)
 .debug_info    0x00000000000006c4      0x1c6 ../matrix_multiplication_bsp/\libhal_bsp.a(altera_avalon_uart_write.o)
 .debug_info    0x000000000000088a       0x92 ../matrix_multiplication_bsp/\libhal_bsp.a(alt_dcache_flush_all.o)
 .debug_info    0x000000000000091c       0xa6 ../matrix_multiplication_bsp/\libhal_bsp.a(alt_errno.o)
 .debug_info    0x00000000000009c2       0x92 ../matrix_multiplication_bsp/\libhal_bsp.a(alt_icache_flush_all.o)
 .debug_info    0x0000000000000a54       0x92 ../matrix_multiplication_bsp/\libhal_bsp.a(altera_nios2_gen2_irq.o)
 .debug_info    0x0000000000000ae6       0x8a c:/intelfpga_lite/18.1/nios2eds/bin/gnu/h-x86_64-mingw32/bin/../lib/gcc/nios2-elf/5.3.0/../../../../../H-x86_64-mingw32/nios2-elf/lib/mno-hw-mul\libsmallc.a(lib_a-int_errno.o)
 .debug_info    0x0000000000000b70       0xc9 c:/intelfpga_lite/18.1/nios2eds/bin/gnu/h-x86_64-mingw32/bin/../lib/gcc/nios2-elf/5.3.0/../../../../../H-x86_64-mingw32/nios2-elf/lib/mno-hw-mul\libsmallc.a(lib_a-strlen.o)

.debug_abbrev   0x0000000000000000      0x6cd
 *(.debug_abbrev)
 .debug_abbrev  0x0000000000000000       0x12 ../matrix_multiplication_bsp//obj/HAL/src/crt0.o
 .debug_abbrev  0x0000000000000012       0x64 obj/default/mat_mul.o
 .debug_abbrev  0x0000000000000076       0xd8 ../matrix_multiplication_bsp/\libhal_bsp.a(alt_load.o)
 .debug_abbrev  0x000000000000014e       0xee ../matrix_multiplication_bsp/\libhal_bsp.a(alt_main.o)
 .debug_abbrev  0x000000000000023c       0xd3 ../matrix_multiplication_bsp/\libhal_bsp.a(alt_putstr.o)
 .debug_abbrev  0x000000000000030f      0x100 ../matrix_multiplication_bsp/\libhal_bsp.a(alt_sys_init.o)
 .debug_abbrev  0x000000000000040f       0xe8 ../matrix_multiplication_bsp/\libhal_bsp.a(altera_avalon_uart_write.o)
 .debug_abbrev  0x00000000000004f7       0x42 ../matrix_multiplication_bsp/\libhal_bsp.a(alt_dcache_flush_all.o)
 .debug_abbrev  0x0000000000000539       0x5a ../matrix_multiplication_bsp/\libhal_bsp.a(alt_errno.o)
 .debug_abbrev  0x0000000000000593       0x42 ../matrix_multiplication_bsp/\libhal_bsp.a(alt_icache_flush_all.o)
 .debug_abbrev  0x00000000000005d5       0x42 ../matrix_multiplication_bsp/\libhal_bsp.a(altera_nios2_gen2_irq.o)
 .debug_abbrev  0x0000000000000617       0x37 c:/intelfpga_lite/18.1/nios2eds/bin/gnu/h-x86_64-mingw32/bin/../lib/gcc/nios2-elf/5.3.0/../../../../../H-x86_64-mingw32/nios2-elf/lib/mno-hw-mul\libsmallc.a(lib_a-int_errno.o)
 .debug_abbrev  0x000000000000064e       0x7f c:/intelfpga_lite/18.1/nios2eds/bin/gnu/h-x86_64-mingw32/bin/../lib/gcc/nios2-elf/5.3.0/../../../../../H-x86_64-mingw32/nios2-elf/lib/mno-hw-mul\libsmallc.a(lib_a-strlen.o)

.debug_line     0x0000000000000000      0x792
 *(.debug_line)
 .debug_line    0x0000000000000000       0x66 ../matrix_multiplication_bsp//obj/HAL/src/crt0.o
 .debug_line    0x0000000000000066       0x78 obj/default/mat_mul.o
 .debug_line    0x00000000000000de       0xa4 ../matrix_multiplication_bsp/\libhal_bsp.a(alt_load.o)
 .debug_line    0x0000000000000182       0xbd ../matrix_multiplication_bsp/\libhal_bsp.a(alt_main.o)
 .debug_line    0x000000000000023f       0xa0 ../matrix_multiplication_bsp/\libhal_bsp.a(alt_putstr.o)
 .debug_line    0x00000000000002df       0xcf ../matrix_multiplication_bsp/\libhal_bsp.a(alt_sys_init.o)
 .debug_line    0x00000000000003ae       0xec ../matrix_multiplication_bsp/\libhal_bsp.a(altera_avalon_uart_write.o)
 .debug_line    0x000000000000049a       0x4e ../matrix_multiplication_bsp/\libhal_bsp.a(alt_dcache_flush_all.o)
 .debug_line    0x00000000000004e8       0x51 ../matrix_multiplication_bsp/\libhal_bsp.a(alt_errno.o)
 .debug_line    0x0000000000000539       0x4e ../matrix_multiplication_bsp/\libhal_bsp.a(alt_icache_flush_all.o)
 .debug_line    0x0000000000000587       0x50 ../matrix_multiplication_bsp/\libhal_bsp.a(altera_nios2_gen2_irq.o)
 .debug_line    0x00000000000005d7       0x5f c:/intelfpga_lite/18.1/nios2eds/bin/gnu/h-x86_64-mingw32/bin/../lib/gcc/nios2-elf/5.3.0/../../../../../H-x86_64-mingw32/nios2-elf/lib/mno-hw-mul\libsmallc.a(lib_a-int_errno.o)
 .debug_line    0x0000000000000636      0x15c c:/intelfpga_lite/18.1/nios2eds/bin/gnu/h-x86_64-mingw32/bin/../lib/gcc/nios2-elf/5.3.0/../../../../../H-x86_64-mingw32/nios2-elf/lib/mno-hw-mul\libsmallc.a(lib_a-strlen.o)

.debug_frame    0x0000000000000000      0x1a4
 *(.debug_frame)
 .debug_frame   0x0000000000000000       0x28 obj/default/mat_mul.o
 .debug_frame   0x0000000000000028       0x30 ../matrix_multiplication_bsp/\libhal_bsp.a(alt_load.o)
 .debug_frame   0x0000000000000058       0x2c ../matrix_multiplication_bsp/\libhal_bsp.a(alt_main.o)
 .debug_frame   0x0000000000000084       0x30 ../matrix_multiplication_bsp/\libhal_bsp.a(alt_putstr.o)
 .debug_frame   0x00000000000000b4       0x3c ../matrix_multiplication_bsp/\libhal_bsp.a(alt_sys_init.o)
 .debug_frame   0x00000000000000f0       0x34 ../matrix_multiplication_bsp/\libhal_bsp.a(altera_avalon_uart_write.o)
 .debug_frame   0x0000000000000124       0x20 ../matrix_multiplication_bsp/\libhal_bsp.a(alt_dcache_flush_all.o)
 .debug_frame   0x0000000000000144       0x20 ../matrix_multiplication_bsp/\libhal_bsp.a(alt_icache_flush_all.o)
 .debug_frame   0x0000000000000164       0x20 ../matrix_multiplication_bsp/\libhal_bsp.a(altera_nios2_gen2_irq.o)
 .debug_frame   0x0000000000000184       0x20 c:/intelfpga_lite/18.1/nios2eds/bin/gnu/h-x86_64-mingw32/bin/../lib/gcc/nios2-elf/5.3.0/../../../../../H-x86_64-mingw32/nios2-elf/lib/mno-hw-mul\libsmallc.a(lib_a-strlen.o)

.debug_str      0x0000000000000000      0x6c4
 *(.debug_str)
 .debug_str     0x0000000000000000       0xba obj/default/mat_mul.o
                                         0xbf (size before relaxing)
 .debug_str     0x00000000000000ba      0x1e0 ../matrix_multiplication_bsp/\libhal_bsp.a(alt_load.o)
                                        0x262 (size before relaxing)
 .debug_str     0x000000000000029a       0x8f ../matrix_multiplication_bsp/\libhal_bsp.a(alt_main.o)
                                        0x1db (size before relaxing)
 .debug_str     0x0000000000000329       0x57 ../matrix_multiplication_bsp/\libhal_bsp.a(alt_putstr.o)
                                        0x1a9 (size before relaxing)
 .debug_str     0x0000000000000380       0x66 ../matrix_multiplication_bsp/\libhal_bsp.a(alt_sys_init.o)
                                        0x21a (size before relaxing)
 .debug_str     0x00000000000003e6       0x5f ../matrix_multiplication_bsp/\libhal_bsp.a(altera_avalon_uart_write.o)
                                        0x22f (size before relaxing)
 .debug_str     0x0000000000000445       0x1f ../matrix_multiplication_bsp/\libhal_bsp.a(alt_dcache_flush_all.o)
                                        0x17b (size before relaxing)
 .debug_str     0x0000000000000464       0x14 ../matrix_multiplication_bsp/\libhal_bsp.a(alt_errno.o)
                                        0x16b (size before relaxing)
 .debug_str     0x0000000000000478       0x1f ../matrix_multiplication_bsp/\libhal_bsp.a(alt_icache_flush_all.o)
                                        0x17b (size before relaxing)
 .debug_str     0x0000000000000497       0x20 ../matrix_multiplication_bsp/\libhal_bsp.a(altera_nios2_gen2_irq.o)
                                        0x182 (size before relaxing)
 .debug_str     0x00000000000004b7      0x134 c:/intelfpga_lite/18.1/nios2eds/bin/gnu/h-x86_64-mingw32/bin/../lib/gcc/nios2-elf/5.3.0/../../../../../H-x86_64-mingw32/nios2-elf/lib/mno-hw-mul\libsmallc.a(lib_a-int_errno.o)
                                        0x1d8 (size before relaxing)
 .debug_str     0x00000000000005eb       0xd9 c:/intelfpga_lite/18.1/nios2eds/bin/gnu/h-x86_64-mingw32/bin/../lib/gcc/nios2-elf/5.3.0/../../../../../H-x86_64-mingw32/nios2-elf/lib/mno-hw-mul\libsmallc.a(lib_a-strlen.o)
                                        0x1e5 (size before relaxing)

.debug_loc      0x0000000000000000      0x1d2
 *(.debug_loc)
 .debug_loc     0x0000000000000000       0x37 ../matrix_multiplication_bsp/\libhal_bsp.a(alt_putstr.o)
 .debug_loc     0x0000000000000037       0x21 ../matrix_multiplication_bsp/\libhal_bsp.a(alt_sys_init.o)
 .debug_loc     0x0000000000000058      0x15c ../matrix_multiplication_bsp/\libhal_bsp.a(altera_avalon_uart_write.o)
 .debug_loc     0x00000000000001b4       0x1e c:/intelfpga_lite/18.1/nios2eds/bin/gnu/h-x86_64-mingw32/bin/../lib/gcc/nios2-elf/5.3.0/../../../../../H-x86_64-mingw32/nios2-elf/lib/mno-hw-mul\libsmallc.a(lib_a-strlen.o)

.debug_macinfo
 *(.debug_macinfo)

.debug_weaknames
 *(.debug_weaknames)

.debug_funcnames
 *(.debug_funcnames)

.debug_typenames
 *(.debug_typenames)

.debug_varnames
 *(.debug_varnames)

.debug_alt_sim_info
                0x0000000000000000       0x10
 *(.debug_alt_sim_info)
 .debug_alt_sim_info
                0x0000000000000000       0x10 ../matrix_multiplication_bsp//obj/HAL/src/crt0.o
                0x0000000000018000                __alt_data_end = 0x18000
                0x0000000000018000                PROVIDE (__alt_stack_pointer, __alt_data_end)
                [!provide]                        PROVIDE (__alt_stack_limit, __alt_stack_base)
                [!provide]                        PROVIDE (__alt_heap_start, end)
                [!provide]                        PROVIDE (__alt_heap_limit, 0x18000)
OUTPUT(matrix_multiplication.elf elf32-littlenios2)

.debug_ranges   0x0000000000000000       0x88
 .debug_ranges  0x0000000000000000       0x20 ../matrix_multiplication_bsp//obj/HAL/src/crt0.o
 .debug_ranges  0x0000000000000020       0x10 obj/default/mat_mul.o
 .debug_ranges  0x0000000000000030       0x48 ../matrix_multiplication_bsp/\libhal_bsp.a(alt_load.o)
 .debug_ranges  0x0000000000000078       0x10 c:/intelfpga_lite/18.1/nios2eds/bin/gnu/h-x86_64-mingw32/bin/../lib/gcc/nios2-elf/5.3.0/../../../../../H-x86_64-mingw32/nios2-elf/lib/mno-hw-mul\libsmallc.a(lib_a-strlen.o)
