------------------------------------------------------------
Timing Analyzer Summary
------------------------------------------------------------

Type  : Slow 1200mV 85C Model Setup 'clock_in'
Slack : -21.310
TNS   : -216.099

Type  : Slow 1200mV 85C Model Setup 'clock_division_counter[4]'
Slack : -2.395
TNS   : -93.721

Type  : Slow 1200mV 85C Model Hold 'clock_in'
Slack : 0.343
TNS   : 0.000

Type  : Slow 1200mV 85C Model Hold 'clock_division_counter[4]'
Slack : 0.356
TNS   : 0.000

Type  : Slow 1200mV 85C Model Recovery 'clock_in'
Slack : -0.939
TNS   : -38.288

Type  : Slow 1200mV 85C Model Recovery 'clock_division_counter[4]'
Slack : -0.479
TNS   : -14.282

Type  : Slow 1200mV 85C Model Removal 'clock_division_counter[4]'
Slack : 0.396
TNS   : 0.000

Type  : Slow 1200mV 85C Model Removal 'clock_in'
Slack : 0.898
TNS   : 0.000

Type  : Slow 1200mV 85C Model Minimum Pulse Width 'clock_in'
Slack : -3.000
TNS   : -81.000

Type  : Slow 1200mV 85C Model Minimum Pulse Width 'clock_division_counter[4]'
Slack : -1.000
TNS   : -55.000

Type  : Slow 1200mV 0C Model Setup 'clock_in'
Slack : -18.982
TNS   : -186.842

Type  : Slow 1200mV 0C Model Setup 'clock_division_counter[4]'
Slack : -2.081
TNS   : -79.918

Type  : Slow 1200mV 0C Model Hold 'clock_in'
Slack : 0.298
TNS   : 0.000

Type  : Slow 1200mV 0C Model Hold 'clock_division_counter[4]'
Slack : 0.312
TNS   : 0.000

Type  : Slow 1200mV 0C Model Recovery 'clock_in'
Slack : -0.720
TNS   : -28.054

Type  : Slow 1200mV 0C Model Recovery 'clock_division_counter[4]'
Slack : -0.352
TNS   : -6.966

Type  : Slow 1200mV 0C Model Removal 'clock_division_counter[4]'
Slack : 0.359
TNS   : 0.000

Type  : Slow 1200mV 0C Model Removal 'clock_in'
Slack : 0.826
TNS   : 0.000

Type  : Slow 1200mV 0C Model Minimum Pulse Width 'clock_in'
Slack : -3.000
TNS   : -81.000

Type  : Slow 1200mV 0C Model Minimum Pulse Width 'clock_division_counter[4]'
Slack : -1.000
TNS   : -55.000

Type  : Fast 1200mV 0C Model Setup 'clock_in'
Slack : -11.529
TNS   : -90.223

Type  : Fast 1200mV 0C Model Setup 'clock_division_counter[4]'
Slack : -0.947
TNS   : -30.670

Type  : Fast 1200mV 0C Model Hold 'clock_division_counter[4]'
Slack : 0.158
TNS   : 0.000

Type  : Fast 1200mV 0C Model Hold 'clock_in'
Slack : 0.178
TNS   : 0.000

Type  : Fast 1200mV 0C Model Recovery 'clock_in'
Slack : -0.115
TNS   : -2.344

Type  : Fast 1200mV 0C Model Recovery 'clock_division_counter[4]'
Slack : 0.059
TNS   : 0.000

Type  : Fast 1200mV 0C Model Removal 'clock_division_counter[4]'
Slack : 0.149
TNS   : 0.000

Type  : Fast 1200mV 0C Model Removal 'clock_in'
Slack : 0.485
TNS   : 0.000

Type  : Fast 1200mV 0C Model Minimum Pulse Width 'clock_in'
Slack : -3.000
TNS   : -85.582

Type  : Fast 1200mV 0C Model Minimum Pulse Width 'clock_division_counter[4]'
Slack : -1.000
TNS   : -55.000

------------------------------------------------------------
